// Jest Snapshot v1, https://goo.gl/fbAQLP

exports[`Info Component matches the snapshot 1`] = `
<div
  className="info-container"
>
  <div
    className="info-container--content"
  >
    <img
      alt="Nasa Logo"
      className="logo"
    />
    <div
      className="info"
    >
      <h1>
        NASA 
         of the Day
      </h1>
      <div
        className="info_title"
      />
      <div
        className="react-datepicker-wrapper"
      >
        <div
          className="react-datepicker__input-container"
        >
          <input
            className="datePicker"
            disabled={false}
            onBlur={[Function]}
            onChange={[Function]}
            onClick={[Function]}
            onFocus={[Function]}
            onKeyDown={[Function]}
            readOnly={false}
            type="text"
            value=""
          />
        </div>
      </div>
    </div>
  </div>
</div>
`;
